../Core/Src/main.c:108:6:write_Lose	48	static
../Core/Src/main.c:137:6:draw_bar	24	static
../Core/Src/main.c:169:6:check_collision	16	static
../Core/Src/main.c:201:6:draw_cell	32	static
../Core/Src/main.c:239:6:clear_cell	32	static
../Core/Src/main.c:277:6:clear_all	24	static
../Core/Src/main.c:292:6:move	16	static
../Core/Src/main.c:321:6:matrix_init	16	static
../Core/Src/main.c:371:6:HAL_TIM_PeriodElapsedCallback	24	static
../Core/Src/main.c:403:6:HAL_GPIO_EXTI_Callback	16	static
../Core/Src/main.c:416:5:main	16	static
../Core/Src/main.c:489:6:SystemClock_Config	88	static
../Core/Src/main.c:536:13:MX_ADC1_Init	56	static
../Core/Src/main.c:613:13:MX_RNG_Init	8	static
../Core/Src/main.c:639:13:MX_SPI1_Init	8	static
../Core/Src/main.c:679:13:MX_TIM1_Init	40	static
../Core/Src/main.c:726:13:MX_USART3_UART_Init	8	static
../Core/Src/main.c:761:13:MX_GPIO_Init	48	static
../Core/Src/main.c:801:6:Error_Handler	4	static,ignoring_inline_asm
